<?xml version="1.0" encoding="utf-8"?>
<TestRun id="7b129e18-986a-4bc3-9c4b-889e871003c4" name="tanne@STH_PC 2025-08-10 17:56:45" runUser="STH_PC\tanne" xmlns="http://microsoft.com/schemas/VisualStudio/TeamTest/2010">
  <Times creation="2025-08-10T17:56:45.2888709-04:00" queuing="2025-08-10T17:56:45.2888710-04:00" start="2025-08-10T17:56:43.5067002-04:00" finish="2025-08-10T17:57:17.5602140-04:00" />
  <TestSettings name="default" id="d632fd88-1c2a-453d-8287-eb6171d4782f">
    <Deployment runDeploymentRoot="tanne_STH_PC_2025-08-10_17_56_45" />
  </TestSettings>
  <Results>
    <UnitTestResult executionId="68f7f3cc-27f7-4875-8016-2b414d46bf8c" testId="aa6807e6-383f-82a2-6e75-5ca024267f0f" testName="NetPage_LoadDataAsync_ShouldDetectExpectedModels" computerName="STH_PC" duration="00:00:00.0047042" startTime="2025-08-10T17:57:17.4990499-04:00" endTime="2025-08-10T17:57:17.5041895-04:00" testType="13cdc9d9-ddb5-4fa4-a97d-d965ccfc6d4b" outcome="Passed" testListId="8c84fa94-04c1-424b-9868-57a2d4851a1d" relativeResultsDirectory="68f7f3cc-27f7-4875-8016-2b414d46bf8c" />
    <UnitTestResult executionId="87f395d9-e207-4061-8d2c-eb3de339ceb6" testId="4723da18-88da-e82a-30fe-c96999a5a493" testName="DotNetClean_ShouldCompleteSuccessfully" computerName="STH_PC" duration="00:00:01.0836494" startTime="2025-08-10T17:56:58.3301715-04:00" endTime="2025-08-10T17:56:59.4141131-04:00" testType="13cdc9d9-ddb5-4fa4-a97d-d965ccfc6d4b" outcome="Passed" testListId="8c84fa94-04c1-424b-9868-57a2d4851a1d" relativeResultsDirectory="87f395d9-e207-4061-8d2c-eb3de339ceb6" />
    <UnitTestResult executionId="58a3f117-4dd1-46b2-a8b8-9cf6e759d7d5" testId="5dedcc20-77d9-69ff-1397-62123685544e" testName="DotNetBuild_ShouldCompleteWithinTimeLimit" computerName="STH_PC" duration="00:00:05.2062196" startTime="2025-08-10T17:57:12.2918968-04:00" endTime="2025-08-10T17:57:17.4985847-04:00" testType="13cdc9d9-ddb5-4fa4-a97d-d965ccfc6d4b" outcome="Passed" testListId="8c84fa94-04c1-424b-9868-57a2d4851a1d" relativeResultsDirectory="58a3f117-4dd1-46b2-a8b8-9cf6e759d7d5" />
    <UnitTestResult executionId="3ce3a8b6-91b0-4df8-8e45-7e6bca11d5d8" testId="274987fa-46d3-c761-4f09-d7171b666e34" testName="DotNetBuild_ShouldCompleteSuccessfully" computerName="STH_PC" duration="00:00:04.0881268" startTime="2025-08-10T17:56:44.5215828-04:00" endTime="2025-08-10T17:56:48.6103013-04:00" testType="13cdc9d9-ddb5-4fa4-a97d-d965ccfc6d4b" outcome="Passed" testListId="8c84fa94-04c1-424b-9868-57a2d4851a1d" relativeResultsDirectory="3ce3a8b6-91b0-4df8-8e45-7e6bca11d5d8" />
    <UnitTestResult executionId="5686f1e0-bc83-428f-8acf-7ff1015fd00e" testId="1404d2f2-311f-57b5-729f-6afc1cf11328" testName="DotNetBuildWindows_ShouldCompleteSuccessfully" computerName="STH_PC" duration="00:00:04.7592583" startTime="2025-08-10T17:56:53.5693936-04:00" endTime="2025-08-10T17:56:58.3292458-04:00" testType="13cdc9d9-ddb5-4fa4-a97d-d965ccfc6d4b" outcome="Passed" testListId="8c84fa94-04c1-424b-9868-57a2d4851a1d" relativeResultsDirectory="5686f1e0-bc83-428f-8acf-7ff1015fd00e" />
    <UnitTestResult executionId="a8b0f19a-9d55-48d6-895e-f0da79900c5e" testId="1c3a6821-b7ca-4143-0296-48226ea401e1" testName="DotNetBuildRelease_ShouldCompleteSuccessfully" computerName="STH_PC" duration="00:00:04.9562639" startTime="2025-08-10T17:56:48.6118623-04:00" endTime="2025-08-10T17:56:53.5685379-04:00" testType="13cdc9d9-ddb5-4fa4-a97d-d965ccfc6d4b" outcome="Passed" testListId="8c84fa94-04c1-424b-9868-57a2d4851a1d" relativeResultsDirectory="a8b0f19a-9d55-48d6-895e-f0da79900c5e" />
    <UnitTestResult executionId="e9f03a4b-de40-424a-97e0-d93e099dd5de" testId="d6bdd9da-a765-d5f6-2234-cc242818679d" testName="NetPage_ModelDirectoryNaming_ShouldSupportBothConventions" computerName="STH_PC" duration="00:00:00.0003376" startTime="2025-08-10T17:57:17.5113338-04:00" endTime="2025-08-10T17:57:17.5117815-04:00" testType="13cdc9d9-ddb5-4fa4-a97d-d965ccfc6d4b" outcome="Passed" testListId="8c84fa94-04c1-424b-9868-57a2d4851a1d" relativeResultsDirectory="e9f03a4b-de40-424a-97e0-d93e099dd5de" />
    <UnitTestResult executionId="38616fea-6df4-4e79-a199-c91b300afc82" testId="4ee6385a-04e6-c1c6-e082-a37255f33241" testName="DotNetRestore_ShouldCompleteSuccessfully" computerName="STH_PC" duration="00:00:00.6999452" startTime="2025-08-10T17:56:43.8101432-04:00" endTime="2025-08-10T17:56:44.5190292-04:00" testType="13cdc9d9-ddb5-4fa4-a97d-d965ccfc6d4b" outcome="Passed" testListId="8c84fa94-04c1-424b-9868-57a2d4851a1d" relativeResultsDirectory="38616fea-6df4-4e79-a199-c91b300afc82" />
    <UnitTestResult executionId="d4220f9a-e750-4bab-9dc8-1a858af5069c" testId="5b3dd1e8-b6b3-e476-48f2-98b86b215475" testName="NetPage_ModelSizeChecking_ShouldWorkCorrectly" computerName="STH_PC" duration="00:00:00.0032209" startTime="2025-08-10T17:57:17.5043260-04:00" endTime="2025-08-10T17:57:17.5076787-04:00" testType="13cdc9d9-ddb5-4fa4-a97d-d965ccfc6d4b" outcome="Passed" testListId="8c84fa94-04c1-424b-9868-57a2d4851a1d" relativeResultsDirectory="d4220f9a-e750-4bab-9dc8-1a858af5069c" />
    <UnitTestResult executionId="9a56f5ff-9978-403d-bdb5-4b5caa39d6fc" testId="8a4bc2bd-877b-b104-9064-3869e8483ef6" testName="NetPage_ModelPathConfiguration_ShouldMatchApplicationSettings" computerName="STH_PC" duration="00:00:00.0002166" startTime="2025-08-10T17:57:17.5118815-04:00" endTime="2025-08-10T17:57:17.5129094-04:00" testType="13cdc9d9-ddb5-4fa4-a97d-d965ccfc6d4b" outcome="Passed" testListId="8c84fa94-04c1-424b-9868-57a2d4851a1d" relativeResultsDirectory="9a56f5ff-9978-403d-bdb5-4b5caa39d6fc" />
    <UnitTestResult executionId="14653b63-8eef-4f06-952b-2c8c92cd734a" testId="bf8a2b1c-50f1-fb7f-41bd-d582a6b090ac" testName="NetPage_CompleteLoadingScenario_ShouldMatchConsoleOutput" computerName="STH_PC" duration="00:00:00.0032777" startTime="2025-08-10T17:57:17.5078117-04:00" endTime="2025-08-10T17:57:17.5112062-04:00" testType="13cdc9d9-ddb5-4fa4-a97d-d965ccfc6d4b" outcome="Passed" testListId="8c84fa94-04c1-424b-9868-57a2d4851a1d" relativeResultsDirectory="14653b63-8eef-4f06-952b-2c8c92cd734a" />
    <UnitTestResult executionId="43a65bf3-6b71-4b98-8d75-628a1f27eb0a" testId="d71b47d6-90fe-6ed5-c3df-3186de67118c" testName="SolutionBuild_ShouldCompleteSuccessfully" computerName="STH_PC" duration="00:00:12.8764055" startTime="2025-08-10T17:56:59.4142877-04:00" endTime="2025-08-10T17:57:12.2912201-04:00" testType="13cdc9d9-ddb5-4fa4-a97d-d965ccfc6d4b" outcome="Passed" testListId="8c84fa94-04c1-424b-9868-57a2d4851a1d" relativeResultsDirectory="43a65bf3-6b71-4b98-8d75-628a1f27eb0a" />
  </Results>
  <TestDefinitions>
    <UnitTest name="NetPage_LoadDataAsync_ShouldDetectExpectedModels" storage="c:\users\tanne\documents\github\c-simple\src\csimple.tests\bin\debug\net8.0-windows10.0.19041.0\csimple.tests.dll" id="aa6807e6-383f-82a2-6e75-5ca024267f0f">
      <TestCategory>
        <TestCategoryItem TestCategory="Integration" />
      </TestCategory>
      <Execution id="68f7f3cc-27f7-4875-8016-2b414d46bf8c" />
      <TestMethod codeBase="C:\Users\tanne\Documents\Github\C-Simple\src\CSimple.Tests\bin\Debug\net8.0-windows10.0.19041.0\CSimple.Tests.dll" adapterTypeName="executor://mstestadapter/v2" className="CSimple.Tests.IntegrationTests.NetPageLoadingTests" name="NetPage_LoadDataAsync_ShouldDetectExpectedModels" />
    </UnitTest>
    <UnitTest name="DotNetBuild_ShouldCompleteWithinTimeLimit" storage="c:\users\tanne\documents\github\c-simple\src\csimple.tests\bin\debug\net8.0-windows10.0.19041.0\csimple.tests.dll" id="5dedcc20-77d9-69ff-1397-62123685544e">
      <TestCategory>
        <TestCategoryItem TestCategory="Performance" />
        <TestCategoryItem TestCategory="Integration" />
      </TestCategory>
      <Execution id="58a3f117-4dd1-46b2-a8b8-9cf6e759d7d5" />
      <TestMethod codeBase="C:\Users\tanne\Documents\Github\C-Simple\src\CSimple.Tests\bin\Debug\net8.0-windows10.0.19041.0\CSimple.Tests.dll" adapterTypeName="executor://mstestadapter/v2" className="CSimple.Tests.IntegrationTests.DotNetBuildIntegrationTests" name="DotNetBuild_ShouldCompleteWithinTimeLimit" />
    </UnitTest>
    <UnitTest name="SolutionBuild_ShouldCompleteSuccessfully" storage="c:\users\tanne\documents\github\c-simple\src\csimple.tests\bin\debug\net8.0-windows10.0.19041.0\csimple.tests.dll" id="d71b47d6-90fe-6ed5-c3df-3186de67118c">
      <TestCategory>
        <TestCategoryItem TestCategory="Solution" />
        <TestCategoryItem TestCategory="Integration" />
      </TestCategory>
      <Execution id="43a65bf3-6b71-4b98-8d75-628a1f27eb0a" />
      <TestMethod codeBase="C:\Users\tanne\Documents\Github\C-Simple\src\CSimple.Tests\bin\Debug\net8.0-windows10.0.19041.0\CSimple.Tests.dll" adapterTypeName="executor://mstestadapter/v2" className="CSimple.Tests.IntegrationTests.DotNetBuildIntegrationTests" name="SolutionBuild_ShouldCompleteSuccessfully" />
    </UnitTest>
    <UnitTest name="NetPage_CompleteLoadingScenario_ShouldMatchConsoleOutput" storage="c:\users\tanne\documents\github\c-simple\src\csimple.tests\bin\debug\net8.0-windows10.0.19041.0\csimple.tests.dll" id="bf8a2b1c-50f1-fb7f-41bd-d582a6b090ac">
      <TestCategory>
        <TestCategoryItem TestCategory="Integration" />
      </TestCategory>
      <Execution id="14653b63-8eef-4f06-952b-2c8c92cd734a" />
      <TestMethod codeBase="C:\Users\tanne\Documents\Github\C-Simple\src\CSimple.Tests\bin\Debug\net8.0-windows10.0.19041.0\CSimple.Tests.dll" adapterTypeName="executor://mstestadapter/v2" className="CSimple.Tests.IntegrationTests.NetPageLoadingTests" name="NetPage_CompleteLoadingScenario_ShouldMatchConsoleOutput" />
    </UnitTest>
    <UnitTest name="DotNetBuildRelease_ShouldCompleteSuccessfully" storage="c:\users\tanne\documents\github\c-simple\src\csimple.tests\bin\debug\net8.0-windows10.0.19041.0\csimple.tests.dll" id="1c3a6821-b7ca-4143-0296-48226ea401e1">
      <TestCategory>
        <TestCategoryItem TestCategory="Build" />
        <TestCategoryItem TestCategory="Integration" />
      </TestCategory>
      <Execution id="a8b0f19a-9d55-48d6-895e-f0da79900c5e" />
      <TestMethod codeBase="C:\Users\tanne\Documents\Github\C-Simple\src\CSimple.Tests\bin\Debug\net8.0-windows10.0.19041.0\CSimple.Tests.dll" adapterTypeName="executor://mstestadapter/v2" className="CSimple.Tests.IntegrationTests.DotNetBuildIntegrationTests" name="DotNetBuildRelease_ShouldCompleteSuccessfully" />
    </UnitTest>
    <UnitTest name="DotNetRestore_ShouldCompleteSuccessfully" storage="c:\users\tanne\documents\github\c-simple\src\csimple.tests\bin\debug\net8.0-windows10.0.19041.0\csimple.tests.dll" id="4ee6385a-04e6-c1c6-e082-a37255f33241">
      <TestCategory>
        <TestCategoryItem TestCategory="Build" />
        <TestCategoryItem TestCategory="Integration" />
      </TestCategory>
      <Execution id="38616fea-6df4-4e79-a199-c91b300afc82" />
      <TestMethod codeBase="C:\Users\tanne\Documents\Github\C-Simple\src\CSimple.Tests\bin\Debug\net8.0-windows10.0.19041.0\CSimple.Tests.dll" adapterTypeName="executor://mstestadapter/v2" className="CSimple.Tests.IntegrationTests.DotNetBuildIntegrationTests" name="DotNetRestore_ShouldCompleteSuccessfully" />
    </UnitTest>
    <UnitTest name="DotNetBuildWindows_ShouldCompleteSuccessfully" storage="c:\users\tanne\documents\github\c-simple\src\csimple.tests\bin\debug\net8.0-windows10.0.19041.0\csimple.tests.dll" id="1404d2f2-311f-57b5-729f-6afc1cf11328">
      <TestCategory>
        <TestCategoryItem TestCategory="Build" />
        <TestCategoryItem TestCategory="Integration" />
      </TestCategory>
      <Execution id="5686f1e0-bc83-428f-8acf-7ff1015fd00e" />
      <TestMethod codeBase="C:\Users\tanne\Documents\Github\C-Simple\src\CSimple.Tests\bin\Debug\net8.0-windows10.0.19041.0\CSimple.Tests.dll" adapterTypeName="executor://mstestadapter/v2" className="CSimple.Tests.IntegrationTests.DotNetBuildIntegrationTests" name="DotNetBuildWindows_ShouldCompleteSuccessfully" />
    </UnitTest>
    <UnitTest name="NetPage_ModelSizeChecking_ShouldWorkCorrectly" storage="c:\users\tanne\documents\github\c-simple\src\csimple.tests\bin\debug\net8.0-windows10.0.19041.0\csimple.tests.dll" id="5b3dd1e8-b6b3-e476-48f2-98b86b215475">
      <TestCategory>
        <TestCategoryItem TestCategory="Integration" />
      </TestCategory>
      <Execution id="d4220f9a-e750-4bab-9dc8-1a858af5069c" />
      <TestMethod codeBase="C:\Users\tanne\Documents\Github\C-Simple\src\CSimple.Tests\bin\Debug\net8.0-windows10.0.19041.0\CSimple.Tests.dll" adapterTypeName="executor://mstestadapter/v2" className="CSimple.Tests.IntegrationTests.NetPageLoadingTests" name="NetPage_ModelSizeChecking_ShouldWorkCorrectly" />
    </UnitTest>
    <UnitTest name="NetPage_ModelPathConfiguration_ShouldMatchApplicationSettings" storage="c:\users\tanne\documents\github\c-simple\src\csimple.tests\bin\debug\net8.0-windows10.0.19041.0\csimple.tests.dll" id="8a4bc2bd-877b-b104-9064-3869e8483ef6">
      <TestCategory>
        <TestCategoryItem TestCategory="Integration" />
      </TestCategory>
      <Execution id="9a56f5ff-9978-403d-bdb5-4b5caa39d6fc" />
      <TestMethod codeBase="C:\Users\tanne\Documents\Github\C-Simple\src\CSimple.Tests\bin\Debug\net8.0-windows10.0.19041.0\CSimple.Tests.dll" adapterTypeName="executor://mstestadapter/v2" className="CSimple.Tests.IntegrationTests.NetPageLoadingTests" name="NetPage_ModelPathConfiguration_ShouldMatchApplicationSettings" />
    </UnitTest>
    <UnitTest name="NetPage_ModelDirectoryNaming_ShouldSupportBothConventions" storage="c:\users\tanne\documents\github\c-simple\src\csimple.tests\bin\debug\net8.0-windows10.0.19041.0\csimple.tests.dll" id="d6bdd9da-a765-d5f6-2234-cc242818679d">
      <TestCategory>
        <TestCategoryItem TestCategory="Integration" />
      </TestCategory>
      <Execution id="e9f03a4b-de40-424a-97e0-d93e099dd5de" />
      <TestMethod codeBase="C:\Users\tanne\Documents\Github\C-Simple\src\CSimple.Tests\bin\Debug\net8.0-windows10.0.19041.0\CSimple.Tests.dll" adapterTypeName="executor://mstestadapter/v2" className="CSimple.Tests.IntegrationTests.NetPageLoadingTests" name="NetPage_ModelDirectoryNaming_ShouldSupportBothConventions" />
    </UnitTest>
    <UnitTest name="DotNetBuild_ShouldCompleteSuccessfully" storage="c:\users\tanne\documents\github\c-simple\src\csimple.tests\bin\debug\net8.0-windows10.0.19041.0\csimple.tests.dll" id="274987fa-46d3-c761-4f09-d7171b666e34">
      <TestCategory>
        <TestCategoryItem TestCategory="Build" />
        <TestCategoryItem TestCategory="Integration" />
      </TestCategory>
      <Execution id="3ce3a8b6-91b0-4df8-8e45-7e6bca11d5d8" />
      <TestMethod codeBase="C:\Users\tanne\Documents\Github\C-Simple\src\CSimple.Tests\bin\Debug\net8.0-windows10.0.19041.0\CSimple.Tests.dll" adapterTypeName="executor://mstestadapter/v2" className="CSimple.Tests.IntegrationTests.DotNetBuildIntegrationTests" name="DotNetBuild_ShouldCompleteSuccessfully" />
    </UnitTest>
    <UnitTest name="DotNetClean_ShouldCompleteSuccessfully" storage="c:\users\tanne\documents\github\c-simple\src\csimple.tests\bin\debug\net8.0-windows10.0.19041.0\csimple.tests.dll" id="4723da18-88da-e82a-30fe-c96999a5a493">
      <TestCategory>
        <TestCategoryItem TestCategory="Clean" />
        <TestCategoryItem TestCategory="Integration" />
      </TestCategory>
      <Execution id="87f395d9-e207-4061-8d2c-eb3de339ceb6" />
      <TestMethod codeBase="C:\Users\tanne\Documents\Github\C-Simple\src\CSimple.Tests\bin\Debug\net8.0-windows10.0.19041.0\CSimple.Tests.dll" adapterTypeName="executor://mstestadapter/v2" className="CSimple.Tests.IntegrationTests.DotNetBuildIntegrationTests" name="DotNetClean_ShouldCompleteSuccessfully" />
    </UnitTest>
  </TestDefinitions>
  <TestEntries>
    <TestEntry testId="aa6807e6-383f-82a2-6e75-5ca024267f0f" executionId="68f7f3cc-27f7-4875-8016-2b414d46bf8c" testListId="8c84fa94-04c1-424b-9868-57a2d4851a1d" />
    <TestEntry testId="4723da18-88da-e82a-30fe-c96999a5a493" executionId="87f395d9-e207-4061-8d2c-eb3de339ceb6" testListId="8c84fa94-04c1-424b-9868-57a2d4851a1d" />
    <TestEntry testId="5dedcc20-77d9-69ff-1397-62123685544e" executionId="58a3f117-4dd1-46b2-a8b8-9cf6e759d7d5" testListId="8c84fa94-04c1-424b-9868-57a2d4851a1d" />
    <TestEntry testId="274987fa-46d3-c761-4f09-d7171b666e34" executionId="3ce3a8b6-91b0-4df8-8e45-7e6bca11d5d8" testListId="8c84fa94-04c1-424b-9868-57a2d4851a1d" />
    <TestEntry testId="1404d2f2-311f-57b5-729f-6afc1cf11328" executionId="5686f1e0-bc83-428f-8acf-7ff1015fd00e" testListId="8c84fa94-04c1-424b-9868-57a2d4851a1d" />
    <TestEntry testId="1c3a6821-b7ca-4143-0296-48226ea401e1" executionId="a8b0f19a-9d55-48d6-895e-f0da79900c5e" testListId="8c84fa94-04c1-424b-9868-57a2d4851a1d" />
    <TestEntry testId="d6bdd9da-a765-d5f6-2234-cc242818679d" executionId="e9f03a4b-de40-424a-97e0-d93e099dd5de" testListId="8c84fa94-04c1-424b-9868-57a2d4851a1d" />
    <TestEntry testId="4ee6385a-04e6-c1c6-e082-a37255f33241" executionId="38616fea-6df4-4e79-a199-c91b300afc82" testListId="8c84fa94-04c1-424b-9868-57a2d4851a1d" />
    <TestEntry testId="5b3dd1e8-b6b3-e476-48f2-98b86b215475" executionId="d4220f9a-e750-4bab-9dc8-1a858af5069c" testListId="8c84fa94-04c1-424b-9868-57a2d4851a1d" />
    <TestEntry testId="8a4bc2bd-877b-b104-9064-3869e8483ef6" executionId="9a56f5ff-9978-403d-bdb5-4b5caa39d6fc" testListId="8c84fa94-04c1-424b-9868-57a2d4851a1d" />
    <TestEntry testId="bf8a2b1c-50f1-fb7f-41bd-d582a6b090ac" executionId="14653b63-8eef-4f06-952b-2c8c92cd734a" testListId="8c84fa94-04c1-424b-9868-57a2d4851a1d" />
    <TestEntry testId="d71b47d6-90fe-6ed5-c3df-3186de67118c" executionId="43a65bf3-6b71-4b98-8d75-628a1f27eb0a" testListId="8c84fa94-04c1-424b-9868-57a2d4851a1d" />
  </TestEntries>
  <TestLists>
    <TestList name="Results Not in a List" id="8c84fa94-04c1-424b-9868-57a2d4851a1d" />
    <TestList name="All Loaded Results" id="19431567-8539-422a-85d7-44ee4e166bda" />
  </TestLists>
  <ResultSummary outcome="Completed">
    <Counters total="12" executed="12" passed="12" failed="0" error="0" timeout="0" aborted="0" inconclusive="0" passedButRunAborted="0" notRunnable="0" notExecuted="0" disconnected="0" warning="0" completed="0" inProgress="0" pending="0" />
    <Output>
      <StdOut>Logging TestHost Diagnostics in file: C:\Users\tanne\Documents\Github\C-Simple\src\CSimple.Tests\diagnostic.host.25-08-10_17-56-43_52749_5.log&#xD;
</StdOut>
    </Output>
  </ResultSummary>
</TestRun>